---
source: crates/compiler/parse/src/cypress.rs
description: "-\"\"\"\"\"\"\n"
---
(BeginFile
    (BeginTopLevelDecls
        HintExpr
        (* String=>String@1 EndUnaryMinus)
    EndTopLevelDecls)
EndFile)

[=== canfmt below ===]
UnaryOp(Minus, String("\"\"\"\"\"\""))

[=== formatted below ===]

