---
source: crates/compiler/parse/src/cypress.rs
description: "app \"test-app\" packages {} imports [] provides [] to blah\n\n"
---
(BeginFile
    (BeginHeaderApp
        String=>String@1
        (BeginCollection EndCollection)
        (BeginCollection EndCollection)
        (BeginCollection EndCollection)
    EndHeaderApp)
    (BeginTopLevelDecls EndTopLevelDecls)
EndFile)

[=== canfmt below ===]


[=== formatted below ===]

