---
source: crates/compiler/parse/src/cypress.rs
description: "x + 2\n"
---
(BeginFile
    (BeginTopLevelDecls
        (*
            HintExpr
            Ident=>LowerIdent@0
            InlineBinOpPlus=>OpPlus@1
            Num=>Int@2
        EndBinOpPlus)
    EndTopLevelDecls)
EndFile)

[=== canfmt below ===]
BinOp(Ident("x"), Plus, IntBase10("2"))

[=== formatted below ===]

