---
source: crates/compiler/parse/src/cypress.rs
description: "platform \"cli\"\n    requires {} { main : Task {} [] } # TODO FIXME\n    exposes []\n    packages {}\n    imports [Task.{ Task }]\n    provides [mainForHost]\n\n"
---
(BeginFile
    (BeginHeaderPlatform
        (BeginCollection EndCollection)
        (BeginCollection
            Ident=>LowerIdent@6
            (*
                TypeName=>UpperIdent@8
                (BeginTypeRecord EndTypeRecord)
                (BeginTypeTagUnion EndTypeTagUnion)
            EndTypeApply)
        EndCollection)
        (BeginCollection EndCollection)
        (BeginCollection EndCollection)
        (BeginCollection
            TypeName=>UpperIdent@22
            (BeginCollection TypeName=>UpperIdent@25 EndCollection)
        EndCollection)
        (BeginCollection Ident=>LowerIdent@30 EndCollection)
    EndHeaderPlatform)
    (BeginTopLevelDecls EndTopLevelDecls)
EndFile)

[=== canfmt below ===]


[=== formatted below ===]

