---
source: crates/compiler/parse/src/cypress.rs
description: "10*11\n"
---
(BeginFile
    (BeginTopLevelDecls
        (*
            HintExpr
            Num=>IntBase10@0
            InlineBinOpStar=>OpStar@1
            Num=>IntBase10@2
        EndBinOpStar)
    EndTopLevelDecls)
EndFile)

[=== canfmt below ===]
BinOp(IntBase10("10"), Star, IntBase10("11"))

[=== formatted below ===]

