---
source: crates/compiler/parse/src/cypress.rs
description: "w #\n : n\nQ\n"
---
(BeginTopLevelDecls
    (BeginTypeOrTypeAlias
        Ident=>LowerIdent@0
        InlineColon=>OpColon@1
        Ident=>LowerIdent@2
    EndTypeOrTypeAlias)
    HintExpr
    UpperIdent=>UpperIdent@3
EndTopLevelDecls)

[=== canfmt below ===]
TypeAlias("w", Ident("n"))
UpperIdent("Q")

[=== formatted below ===]

