---
source: crates/compiler/parse/src/cypress.rs
description: "abc =\n    def\nghi =\n    jkl\n"
---
(BeginTopLevelDecls
    (BeginAssign
        Ident=>LowerIdent@0
        InlineAssign=>OpAssign@1
        (BeginBlock HintExpr Ident=>LowerIdent@3 EndBlock)
    EndAssign)
    (BeginAssign
        Ident=>LowerIdent@5
        InlineAssign=>OpAssign@6
        (BeginBlock HintExpr Ident=>LowerIdent@8 EndBlock)
    EndAssign)
EndTopLevelDecls)

[=== canfmt below ===]
Assign("abc", Block([Block([]), Ident("def")]))
Assign("ghi", Block([Block([]), Ident("jkl")]))

[=== formatted below ===]
abc =
    def

ghi =
    jkl
