---
source: crates/compiler/parse/src/cypress.rs
description: "B : {}\n\na\n"
---
(BeginTopLevelDecls
    (BeginTypeOrTypeAlias
        UpperIdent=>UpperIdent@0
        InlineTypeColon=>OpColon@1
        (BeginTypeRecord EndTypeRecord)
    EndTypeOrTypeAlias)
    HintExpr
    Ident=>LowerIdent@4
EndTopLevelDecls)

[=== canfmt below ===]
TypeAlias(UpperIdent("B"), Record([]))
Ident("a")

[=== formatted below ===]

