---
source: crates/compiler/parse/src/cypress.rs
description: "foo : [True, Perhaps Thing]\nfoo = True\n\n42\n"
---
(BeginTopLevelDecls
    (BeginTypeOrTypeAlias
        Ident=>LowerIdent@0
        InlineTypeColon=>OpColon@1
        (BeginTypeTagUnion
            Tag=>UpperIdent@3
            Tag=>UpperIdent@5
            TypeName=>UpperIdent@6
        EndTypeTagUnion)
    EndTypeOrTypeAlias)
    (BeginAssign
        Ident=>LowerIdent@8
        InlineAssign=>OpAssign@9
        UpperIdent=>UpperIdent@10
    EndAssign)
    HintExpr
    Num=>IntBase10@11
EndTopLevelDecls)

[=== canfmt below ===]
TypeAlias(Ident("foo"), TagUnion([Name("True"), Name("Perhaps"), Name("Thing")]))
Assign("foo", UpperIdent("True"))
IntBase10("42")

[=== formatted below ===]

