---
source: crates/compiler/parse/src/cypress.rs
description: "(1, 2, 3)\n"
---
(BeginTopLevelDecls
    HintExpr
    (BeginParens Num=>IntBase10@1 Num=>IntBase10@3 Num=>IntBase10@5 EndParens)
EndTopLevelDecls)

[=== canfmt below ===]
Tuple([IntBase10("1"), IntBase10("2"), IntBase10("3")])

[=== formatted below ===]

