---
source: crates/compiler/parse/src/cypress.rs
description: "1-2\n"
---
(BeginFile
    (BeginTopLevelDecls
        (*
            HintExpr
            Num=>IntBase10@0
            InlineBinOpMinus=>OpBinaryMinus@1
            Num=>IntBase10@2
        EndBinOpMinus)
    EndTopLevelDecls)
EndFile)

[=== canfmt below ===]
BinOp(IntBase10("1"), Minus, IntBase10("2"))

[=== formatted below ===]

