---
source: crates/compiler/parse/src/cypress.rs
description: "x = 1\n    < 2\n\n42\n"
---
(BeginFile
    (BeginTopLevelDecls
        (BeginAssign
            Ident=>LowerIdent@0
            InlineAssign=>OpAssign@1
            (*
                Num=>IntBase10@2
                InlineBinOpLessThan=>OpLessThan@3
                Num=>IntBase10@4
            EndBinOpLessThan)
        EndAssign)
        HintExpr
        Num=>IntBase10@5
    EndTopLevelDecls)
EndFile)

[=== canfmt below ===]
Assign("x", BinOp(IntBase10("1"), LessThan, IntBase10("2")))
IntBase10("42")

[=== formatted below ===]

