---
source: crates/compiler/parse/src/cypress.rs
description: "foo = 1 # comment after\n\n"
---
(BeginFile
    (BeginTopLevelDecls
        (BeginAssign
            Ident=>LowerIdent@0
            InlineAssign=>OpAssign@1
            Num=>IntBase10@2
        EndAssign)
    EndTopLevelDecls)
EndFile)

[=== canfmt below ===]
Assign(Ident("foo"), IntBase10("1"))

[=== formatted below ===]

