---
source: crates/compiler/parse/src/cypress.rs
description: "when x is\n    Ok ->\n        3\n"
---
(BeginTopLevelDecls
    HintExpr
    (BeginWhen
        Ident=>LowerIdent@1
        InlineKwIs=>KwIs@2
        UpperIdent=>UpperIdent@4
        InlineWhenArrow=>OpArrow@5
        (BeginBlock HintExpr Num=>IntBase10@7 EndBlock)
    EndWhen)
EndTopLevelDecls)

[=== canfmt below ===]
When(Ident("x"), [UpperIdent("Ok"), Block([IntBase10("3")])])

[=== formatted below ===]

