---
source: crates/compiler/parse/src/cypress.rs
description: "Z#\nh\n:a\nj\n"
---
(BeginTopLevelDecls
    HintExpr
    UpperIdent=>UpperIdent@0
    (BeginTypeOrTypeAlias
        Ident=>LowerIdent@1
        InlineColon=>OpColon@2
        (* Ident=>LowerIdent@3 Ident=>LowerIdent@4 EndTypeApply)
    EndTypeOrTypeAlias)
EndTopLevelDecls)

[=== canfmt below ===]
UpperIdent("Z")
TypeAlias("h", TypeApply(Ident("a"), [Ident("j")]))

[=== formatted below ===]

