---
source: crates/compiler/parse/src/cypress.rs
description: "a :\n    c\n0\n"
---
(BeginFile
    (BeginTopLevelDecls
        (BeginTypeOrTypeAlias
            Ident=>LowerIdent@0
            InlineTypeColon=>OpColon@1
            Ident=>LowerIdent@2
        EndTypeOrTypeAlias)
        HintExpr
        Num=>IntBase10@3
    EndTopLevelDecls)
EndFile)

[=== canfmt below ===]
TypeAlias(Ident("a"), Name("c"))
IntBase10("0")

[=== formatted below ===]

