---
source: crates/compiler/parse/src/cypress.rs
description: "main =\n    i = 64\n\n    i\n\n"
---
(BeginTopLevelDecls
    (BeginAssign
        Ident=>LowerIdent@0
        InlineAssign=>OpAssign@1
        (BeginBlock
            (BeginAssign
                Ident=>LowerIdent@3
                InlineAssign=>OpAssign@4
                Num=>IntBase10@5
            EndAssign)
            HintExpr
            Ident=>LowerIdent@7
        EndBlock)
    EndAssign)
EndTopLevelDecls)

[=== canfmt below ===]
Assign("main", Block([Assign("i", IntBase10("64")), Ident("i")]))

[=== formatted below ===]

