---
source: crates/compiler/parse/src/cypress.rs
description: "whee 12 34\n"
---
(BeginFile
    (BeginTopLevelDecls
        (*
            HintExpr
            Ident=>LowerIdent@0
            InlineApply=>LowerIdent@0
            Num=>IntBase10@1
            InlineApply=>IntBase10@1
            Num=>IntBase10@2
        EndApply)
    EndTopLevelDecls)
EndFile)

[=== canfmt below ===]
Apply(Ident("whee"), [IntBase10("12"), IntBase10("34")])

[=== formatted below ===]

