---
source: crates/compiler/parse/src/cypress.rs
description: "# ## not docs!\n## docs, but with a problem\n## (namely that this is a mix of docs and regular comments)\n# not docs\nx = 5\n\n42\n"
---
(BeginTopLevelDecls
    (BeginAssign
        Ident=>LowerIdent@0
        InlineAssign=>OpAssign@1
        Num=>IntBase10@2
    EndAssign)
    HintExpr
    Num=>IntBase10@3
EndTopLevelDecls)

[=== canfmt below ===]
Assign("x", IntBase10("5"))
IntBase10("42")

[=== formatted below ===]

