---
source: crates/compiler/parse/src/cypress.rs
description: "f\n-5\n2\n"
---
(BeginTopLevelDecls
    HintExpr
    Ident=>LowerIdent@0
    HintExpr
    Num=>IntBase10@1
    HintExpr
    Num=>IntBase10@2
EndTopLevelDecls)

[=== canfmt below ===]
Ident("f")
IntBase10("-5")
IntBase10("2")

[=== formatted below ===]

