---
source: crates/compiler/parse/src/cypress.rs
description: "rec.abc.def.ghi\n"
---
(BeginTopLevelDecls
    HintExpr
    (*
        (*
            (* Ident=>LowerIdent@0 DotIdent=>NoSpaceDotLowerIdent@1 EndFieldAccess)
            DotIdent=>NoSpaceDotLowerIdent@2
        EndFieldAccess)
        DotIdent=>NoSpaceDotLowerIdent@3
    EndFieldAccess)
EndTopLevelDecls)

[=== canfmt below ===]
RecordAccess(RecordAccess(RecordAccess(Ident("rec"), ".abc"), ".def"), ".ghi")

[=== formatted below ===]

