---
source: crates/compiler/parse/src/cypress.rs
description: "a : b\ni\n"
---
(BeginFile
    (BeginTopLevelDecls
        (BeginTypeOrTypeAlias
            Ident=>LowerIdent@0
            InlineTypeColon=>OpColon@1
            Ident=>LowerIdent@2
        EndTypeOrTypeAlias)
        HintExpr
        Ident=>LowerIdent@3
    EndTopLevelDecls)
EndFile)

[=== canfmt below ===]
TypeAlias(Ident("a"), Name("b"))
Ident("i")

[=== formatted below ===]

