---
source: crates/compiler/parse/src/cypress.rs
description: "3\n-\n4\n"
---
(BeginTopLevelDecls
    (*
        HintExpr
        Num=>IntBase10@0
        InlineBinOpMinus=>OpBinaryMinus@1
        Num=>IntBase10@2
    EndBinOpMinus)
EndTopLevelDecls)

[=== canfmt below ===]
BinOp(IntBase10("3"), Minus, IntBase10("4"))

[=== formatted below ===]

