---
source: crates/compiler/parse/src/cypress.rs
description: "iffy = 5\n\n42\n"
---
(BeginFile
    (BeginTopLevelDecls
        (BeginAssign
            Ident=>LowerIdent@0
            InlineAssign=>OpAssign@1
            Num=>IntBase10@2
        EndAssign)
        HintExpr
        Num=>IntBase10@3
    EndTopLevelDecls)
EndFile)

[=== canfmt below ===]
Assign("iffy", IntBase10("5"))
IntBase10("42")

[=== formatted below ===]

