---
source: crates/compiler/parse/src/cypress.rs
description: abc def
---
(BeginTopLevelDecls
    (*
        HintExpr
        Ident=>LowerIdent@0
        InlineApply=>LowerIdent@0
        Ident=>LowerIdent@1
    EndApply)
EndTopLevelDecls)

[=== canfmt below ===]
Apply(Ident("abc"), [Ident("def")])

[=== formatted below ===]
abc def
