---
source: crates/compiler/parse/src/cypress.rs
description: "B:{}\n\n(\na)\n"
---
(BeginTopLevelDecls
    (BeginTypeOrTypeAlias
        UpperIdent=>UpperIdent@0
        InlineTypeColon=>OpColon@1
        (BeginTypeRecord EndTypeRecord)
    EndTypeOrTypeAlias)
    HintExpr
    (BeginParens Ident=>LowerIdent@5 EndParens)
EndTopLevelDecls)

[=== canfmt below ===]
TypeAlias(UpperIdent("B"), Record([]))
Ident("a")

[=== formatted below ===]

