---
source: crates/compiler/parse/src/cypress.rs
description: "R\n:D\na\n"
---
(BeginTopLevelDecls
    (BeginTypeOrTypeAlias
        UpperIdent=>UpperIdent@0
        InlineTypeColon=>OpColon@1
        TypeName=>UpperIdent@2
    EndTypeOrTypeAlias)
    HintExpr
    Ident=>LowerIdent@3
EndTopLevelDecls)

[=== canfmt below ===]
TypeAlias(UpperIdent("R"), Name("D"))
Ident("a")

[=== formatted below ===]

