---
source: crates/compiler/parse/src/cypress.rs
description: "when abc is def ->\n    when ghi is jkl ->\n        mno\n"
---
(BeginTopLevelDecls
    HintExpr
    (BeginWhen
        Ident=>LowerIdent@1
        Ident=>LowerIdent@3
        (BeginBlock
            HintExpr
            (BeginWhen
                Ident=>LowerIdent@7
                Ident=>LowerIdent@9
                (BeginBlock HintExpr Ident=>LowerIdent@12 EndBlock)
            EndWhen)
        EndBlock)
    EndWhen)
EndTopLevelDecls)
