---
source: crates/compiler/cypress/tests/test_parse.rs
description: "foo = 1 # comment after\n\n"
---
(BeginFile
    (BeginTopLevelDecls
        (BeginAssignDecl
            Ident=>LowerIdent@0
            InlineAssign=>OpAssign@1
            Num=>Int@2
        EndAssignDecl)
    EndTopLevelDecls)
EndFile)

[=== canfmt below ===]
Assign(Ident("foo"), IntBase10("1"))

[=== formatted below ===]

