---
source: crates/compiler/cypress/tests/test_parse.rs
description: "\\_ -> 42\n"
---
(BeginFile
    (BeginTopLevelDecls
        HintExpr
        (BeginLambda
            Underscore=>Underscore@1
            InlineLambdaArrow=>OpArrow@2
            Num=>Int@3
        EndLambda)
    EndTopLevelDecls)
EndFile)

[=== canfmt below ===]
Lambda([Underscore("_")], IntBase10("42"))

[=== formatted below ===]

