---
source: crates/compiler/cypress/tests/test_parse.rs
description: "abc = def\nghi = jkl\n"
---
(BeginFile
    (BeginTopLevelDecls
        (BeginAssignDecl
            Ident=>LowerIdent@0
            InlineAssign=>OpAssign@1
            Ident=>LowerIdent@2
        EndAssignDecl)
        (BeginAssignDecl
            Ident=>LowerIdent@3
            InlineAssign=>OpAssign@4
            Ident=>LowerIdent@5
        EndAssignDecl)
    EndTopLevelDecls)
EndFile)

[=== canfmt below ===]
Assign(Ident("abc"), Ident("def"))
Assign(Ident("ghi"), Ident("jkl"))

[=== formatted below ===]

