---
source: crates/compiler/cypress/tests/test_parse.rs
description: "(Email str) = Email \"blah@example.com\"\nstr\n"
---
(BeginFile
    (BeginTopLevelDecls
        (BeginAssignDecl
            (BeginParens
                (*
                    UpperIdent=>UpperIdent@1
                    InlineApply=>UpperIdent@1
                    Ident=>LowerIdent@2
                EndApply)
            EndParens)
            InlineAssign=>OpAssign@4
            (*
                UpperIdent=>UpperIdent@5
                InlineApply=>UpperIdent@5
                String=>String@6
            EndApply)
        EndAssignDecl)
        HintExpr
        Ident=>LowerIdent@7
    EndTopLevelDecls)
EndFile)

[=== canfmt below ===]
Assign(Apply(UpperIdent("Email"), [Ident("str")]), Apply(UpperIdent("Email"), [String("\"blah@example.com\"")]))
Ident("str")

[=== formatted below ===]

