---
source: crates/compiler/cypress/tests/test_parse.rs
description: "a =\n    b =\n        c\n    d\n"
---
(BeginFile
    (BeginTopLevelDecls
        (BeginAssignDecl
            Ident=>LowerIdent@0
            InlineAssign=>OpAssign@1
            (BeginBlock
                (BeginAssignDecl
                    Ident=>LowerIdent@2
                    InlineAssign=>OpAssign@3
                    (BeginBlock HintExpr Ident=>LowerIdent@4 EndBlock)
                EndAssignDecl)
                HintExpr
                Ident=>LowerIdent@5
            EndBlock)
        EndAssignDecl)
    EndTopLevelDecls)
EndFile)

[=== canfmt below ===]
Assign(Ident("a"), Block([Assign(Ident("b"), Block([Ident("c")])), Ident("d")]))

[=== formatted below ===]

