---
source: crates/compiler/cypress/tests/test_parse.rs
description: "app \"hello\"\n    packages { pf:\n\"https://github.com/roc-lang/basic-cli/releases/download/0.7.0/bkGby8jb0tmZYsy2hg1E_B2QrCgcSTxdUlHtETwm5m4.tar.br\"\n}\n    imports [pf.Stdout]\n    provides [main] to pf\n\nmain =\n    Stdout.line \"I'm a Roc application!\"\n"
---
(BeginFile
    (BeginHeaderApp
        String=>String@1
        (BeginCollection Ident=>LowerIdent@4 String=>String@6 EndCollection)
        (BeginCollection (* Ident=>LowerIdent@10 DotModuleUpperIdent) EndCollection)
        (BeginCollection Ident=>LowerIdent@15 EndCollection)
        Ident=>LowerIdent@18
    EndHeaderApp)
    (BeginTopLevelDecls
        (BeginAssignDecl
            Ident=>LowerIdent@19
            InlineAssign=>OpAssign@20
            (BeginBlock
                (*
                    HintExpr
                    (* ModuleName=>UpperIdent@21 DotModuleLowerIdent)
                    InlineApply=>NoSpaceDotLowerIdent@22
                    String=>String@23
                EndApply)
            EndBlock)
        EndAssignDecl)
    EndTopLevelDecls)
EndFile)

[=== canfmt below ===]
Assign(Ident("main"), Block([Apply(ModuleLowerName("Stdout", ".line"), [String("\"I'm a Roc application!\"")])]))

[=== formatted below ===]

