---
source: crates/compiler/cypress/tests/test_parse.rs
description: abc + def
---
(BeginFile
    (BeginTopLevelDecls
        (*
            HintExpr
            Ident=>LowerIdent@0
            InlineBinOpPlus=>OpPlus@1
            Ident=>LowerIdent@2
        EndBinOpPlus)
    EndTopLevelDecls)
EndFile)

[=== canfmt below ===]
BinOp(Ident("abc"), Plus, Ident("def"))

[=== formatted below ===]
abc + def
