---
source: crates/compiler/cypress/tests/test_parse.rs
description: "e\n    \"\"\"\n    \"\\\"\n    \"\"\"\n"
---
(BeginFile
    (BeginTopLevelDecls
        (*
            HintExpr
            Ident=>LowerIdent@0
            InlineApply=>LowerIdent@0
            String=>String@1
        EndApply)
    EndTopLevelDecls)
EndFile)

[=== canfmt below ===]
Apply(Ident("e"), [String("\"\"\"\n    \"\\\"\n    \"\"\"")])

[=== formatted below ===]

