---
source: crates/compiler/cypress/tests/test_parse.rs
description: "main =\n    i = 64\n\n    i\n\n"
---
(BeginFile
    (BeginTopLevelDecls
        (BeginAssignDecl
            Ident=>LowerIdent@0
            InlineAssign=>OpAssign@1
            (BeginBlock
                (BeginAssignDecl
                    Ident=>LowerIdent@2
                    InlineAssign=>OpAssign@3
                    Num=>Int@4
                EndAssignDecl)
                HintExpr
                Ident=>LowerIdent@5
            EndBlock)
        EndAssignDecl)
    EndTopLevelDecls)
EndFile)

[=== canfmt below ===]
Assign(Ident("main"), Block([Assign(Ident("i"), IntBase10("64")), Ident("i")]))

[=== formatted below ===]

