---
source: crates/compiler/cypress/tests/test_parse.rs
description: "3  # test!\n+ 4\n"
---
(BeginFile
    (BeginTopLevelDecls
        (* HintExpr Num=>Int@0 InlineBinOpPlus=>OpPlus@1 Num=>Int@2 EndBinOpPlus)
    EndTopLevelDecls)
EndFile)

[=== canfmt below ===]
BinOp(IntBase10("3"), Plus, IntBase10("4"))

[=== formatted below ===]

