---
source: crates/compiler/cypress/tests/test_parse.rs
description: "func = \\x -> when n is\n              0 -> 0\n42\n"
---
(BeginFile
    (BeginTopLevelDecls
        (BeginAssign
            Ident=>LowerIdent@0
            InlineAssign=>OpAssign@1
            (BeginLambda
                Ident=>LowerIdent@3
                InlineLambdaArrow=>OpArrow@4
                (BeginWhen
                    Ident=>LowerIdent@6
                    InlineKwIs=>KwIs@7
                    Num=>Int@8
                    InlineWhenArrow=>OpArrow@9
                    Num=>Int@10
                EndWhen)
            EndLambda)
        EndAssign)
        HintExpr
        Num=>Int@11
    EndTopLevelDecls)
EndFile)

[=== canfmt below ===]
Assign(Ident("func"), Lambda([Ident("x")], When(Ident("n"), [IntBase10("0"), IntBase10("0")])))
IntBase10("42")

[=== formatted below ===]

